Microchip MPLAB XC8 Compiler V2.41

Linker command line:

-W-3 \
  --edf=C:/Users/mesas/.mchp_packs/Microchip/PIC16F1xxxx_DFP/1.19.363/xc8\pic\dat\20230621215834_en.msgs \
  -cn -h+dist/default/production\VoltimetroFuncional.X.production.sym \
  --cmf=dist/default/production\VoltimetroFuncional.X.production.cmf -z \
  -Q16F18426 -oC:\Users\mesas\AppData\Local\Temp\xcAs56g.\driver_tmp_3.o \
  --defsym=__MPLAB_BUILD=1 --fixupoverflow=error \
  -Mdist/default/production/VoltimetroFuncional.X.production.map \
  --md=C:\Users\mesas\AppData\Local\Temp\xcAs56g.\driver_tmp_0.dat -E1 \
  -ver=XC8 Compiler --acfsm=1493 -ACODE=00h-07FFhx8 -ASTRCODE=00h-03FFFh \
  -ASTRING=00h-0FFhx64 -ACONST=00h-0FFhx64 -AENTRY=00h-0FFhx64 \
  -ACOMMON=070h-07Fh -ABANK0=020h-06Fh -ABANK1=0A0h-0EFh \
  -ABANK2=0120h-016Fh -ABANK3=01A0h-01EFh -ABANK4=0220h-026Fh \
  -ABANK5=02A0h-02EFh -ABANK6=0320h-036Fh -ABANK7=03A0h-03EFh \
  -ABANK8=0420h-046Fh -ABANK9=04A0h-04EFh -ABANK10=0520h-056Fh \
  -ABANK11=05A0h-05EFh -ABANK12=0620h-066Fh -ABANK13=06A0h-06EFh \
  -ABANK14=0720h-076Fh -ABANK15=07A0h-07EFh -ABANK16=0820h-086Fh \
  -ABANK17=08A0h-08EFh -ABANK18=0920h-096Fh -ABANK19=09A0h-09EFh \
  -ABANK20=0A20h-0A6Fh -ABANK21=0AA0h-0AEFh -ABANK22=0B20h-0B6Fh \
  -ABANK23=0BA0h-0BEFh -ABANK24=0C20h-0C6Fh -ABANK25=0CA0h-0CBFh \
  -ABIGRAM=02000h-027EFh \
  -ARAM=020h-06Fh,0A0h-0EFh,0120h-016Fh,01A0h-01EFh,0220h-026Fh,02A0h-02EFh,0320h-036Fh,03A0h-03EFh,0420h-046Fh,04A0h-04EFh,0520h-056Fh,05A0h-05EFh,0620h-066Fh,06A0h-06EFh,0720h-076Fh,07A0h-07EFh,0820h-086Fh,08A0h-08EFh,0920h-096Fh,09A0h-09EFh,0A20h-0A6Fh,0AA0h-0AEFh,0B20h-0B6Fh,0BA0h-0BEFh,0C20h-0C6Fh,0CA0h-0CBFh \
  -AABS1=020h-07Fh,0A0h-0EFh,0120h-016Fh,01A0h-01EFh,0220h-026Fh,02A0h-02EFh,0320h-036Fh,03A0h-03EFh,0420h-046Fh,04A0h-04EFh,0520h-056Fh,05A0h-05EFh,0620h-066Fh,06A0h-06EFh,0720h-076Fh,07A0h-07EFh,0820h-086Fh,08A0h-08EFh,0920h-096Fh,09A0h-09EFh,0A20h-0A6Fh,0AA0h-0AEFh,0B20h-0B6Fh,0BA0h-0BEFh,0C20h-0C6Fh,0CA0h-0CBFh \
  -ASFR0=00h-01Fh -ASFR1=080h-09Fh -ASFR2=0100h-011Fh -ASFR3=0180h-019Fh \
  -ASFR4=0200h-021Fh -ASFR5=0280h-029Fh -ASFR6=0300h-031Fh \
  -ASFR7=0380h-039Fh -ASFR8=0400h-041Fh -ASFR9=0480h-049Fh \
  -ASFR10=0500h-051Fh -ASFR11=0580h-059Fh -ASFR12=0600h-061Fh \
  -ASFR13=0680h-069Fh -ASFR14=0700h-071Fh -ASFR15=0780h-079Fh \
  -ASFR16=0800h-081Fh -ASFR17=0880h-089Fh -ASFR18=0900h-091Fh \
  -ASFR19=0980h-099Fh -ASFR20=0A00h-0A1Fh -ASFR21=0A80h-0A9Fh \
  -ASFR22=0B00h-0B1Fh -ASFR23=0B80h-0B9Fh -ASFR24=0C00h-0C1Fh \
  -ASFR25=0C80h-0C9Fh -ASFR26=0D00h-0D6Fh -ASFR27=0D80h-0DEFh \
  -ASFR28=0E00h-0E6Fh -ASFR29=0E80h-0EEFh -ASFR30=0F00h-0F6Fh \
  -ASFR31=0F80h-0FEFh -ASFR32=01000h-0106Fh -ASFR33=01080h-010EFh \
  -ASFR34=01100h-0116Fh -ASFR35=01180h-011EFh -ASFR36=01200h-0126Fh \
  -ASFR37=01280h-012EFh -ASFR38=01300h-0136Fh -ASFR39=01380h-013EFh \
  -ASFR40=01400h-0146Fh -ASFR41=01480h-014EFh -ASFR42=01500h-0156Fh \
  -ASFR43=01580h-015EFh -ASFR44=01600h-0166Fh -ASFR45=01680h-016EFh \
  -ASFR46=01700h-0176Fh -ASFR47=01780h-017EFh -ASFR48=01800h-0186Fh \
  -ASFR49=01880h-018EFh -ASFR50=01900h-0196Fh -ASFR51=01980h-019EFh \
  -ASFR52=01A00h-01A6Fh -ASFR53=01A80h-01AEFh -ASFR54=01B00h-01B6Fh \
  -ASFR55=01B80h-01BEFh -ASFR56=01C00h-01C6Fh -ASFR57=01C80h-01CEFh \
  -ASFR58=01D00h-01D6Fh -ASFR59=01D80h-01DEFh -ASFR60=01E00h-01E6Fh \
  -ASFR61=01E80h-01EEFh -ASFR62=01F00h-01F6Fh -ASFR63=01F80h-01FEFh \
  -ACONFIG=08007h-0800Bh -DCONFIG=2 -AIDLOC=08000h-08003h -DIDLOC=2 \
  -AEEDATA=00h-0FFh/0F000h -peeprom_data=EEDATA -DEEDATA=2 -DCODE=2 \
  -DSTRCODE=2 -DSTRING=2 -DCONST=2 -DENTRY=2 \
  -preset_vec=00h,intentry=04h,init,end_init -ppowerup=CODE -pcinit=CODE \
  -pfunctab=ENTRY -k \
  C:\Users\mesas\AppData\Local\Temp\xcAs56g.\driver_tmp_20.o \
  dist/default/production\VoltimetroFuncional.X.production.o 

Object code version is 3.11

Machine type is 16F18426



                Name                               Link     Load   Length Selector   Space Scale
C:\Users\mesas\AppData\Local\Temp\xcAs56g.\driver_tmp_20.o
                end_init                             84       84        2        8       0
                reset_vec                             0        0        2        0       0
                config                             8007     8007        5        0       4
dist/default/production\VoltimetroFuncional.X.production.o
                cinit                                86       86       1B        8       0
                intentry                              4        4       80        8       0
                config                             8007     8007        5        0       4
                text52                             1146     1146        A     228C       0
                text51                             1197     1197       18     232E       0
                text50                             10F8     10F8        6     21F0       0
                text49                             11AF     11AF       18     235E       0
                text48                             1170     1170       12     22E0       0
                text47                              BBD      BBD      208     177A       0
                text46                              A13      A13      1AA     1426       0
                text45                             12F1     12F1       23     25E2       0
                text44                              DC5      DC5      23B     1B8A       0
                text43                             15DB     15DB       71     2BB6       0
                text42                             13EA     13EA       3C     27D4       0
                text41                             1381     1381       34     2702       0
                text40                             1756     1756       AA     2EAC       0
                text39                              82A      82A       C4     1054       0
                text38                             146A     146A       4E     28D4       0
                text37                             16CB     16CB       8B     2D96       0
                text36                             115A     115A        B     22B4       0
                text35                             126F     126F       20     24DE       0
                text34                             164C     164C       7F     2C98       0
                text33                              710      710       EB        8       0
                text32                             12CF     12CF       22     259E       0
                text31                              803      803       27     1006       0
                text30                             10FE     10FE        6     21FC       0
                text29                             14B8     14B8       57     2970       0
                text28                             1337     1337       25     266E       0
                text27                             13B5     13B5       35     276A       0
                text26                             1231     1231       1F     2462       0
                text25                               A1       A1      66F        8       0
                text24                             1250     1250       1F     24A0       0
                text23                             150F     150F       61     2A1E       0
                text22                              8EE      8EE      125     11DC       0
                text21                             128F     128F       20     251E       0
                text20                             12AF     12AF       20     255E       0
                text19                             1570     1570       6B     2AE0       0
                text18                             1426     1426       44     284C       0
                text17                             1314     1314       23     2628       0
                text15                             11F9     11F9       1C     23F2       0
                text14                             1110     1110        9     2220       0
                text13                             1119     1119        9     2232       0
                text12                             1122     1122        9     2244       0
                text11                             135C     135C       25     26B8       0
                text10                              7FB      7FB        4        8       0
                text9                              112B     112B        9     2256       0
                text8                              11DF     11DF       1A     23BE       0
                text7                              1150     1150        A     22A0       0
                text6                              1134     1134        9     2268       0
                text5                              1182     1182       15     2304       0
                text4                              113D     113D        9     227A       0
                text3                              11C7     11C7       18     238E       0
                text2                              1104     1104        6     2208       0
                text1                              1215     1215       1C     242A       0
                maintext                           1165     1165        B     22CA       0
                cstackBANK0                          20       20       50       20       1
                cstackCOMMON                         70       70        E       70       1
                cstackBANK1                          A0       A0       4A       A0       1
                cstackBANK2                         138      138       17      120       1
                cstackBANK4                         220      220        2      220       1
                clrtext                            110A     110A        6     2214       0
                bssBANK3                            1A0      1A0       50      1A0       1
                bssBANK2                            120      120       18      120       1
                bssBANK1                             EA       EA        6       A0       1
                stringtext3                        180A     180A        4     3000       0
                stringtext2                        1806     1806        4     3000       0
                stringtext1                        1800     1800        6     3000       0
                nvBANK2                             14F      14F        A      120       1

TOTAL           Name                               Link     Load   Length     Space
        CLASS   CODE           
                end_init                             84       84        2         0
                cinit                                86       86       1B         0
                intentry                              4        4       80         0
                reset_vec                             0        0        2         0
                text52                             1146     1146        A         0
                text51                             1197     1197       18         0
                text50                             10F8     10F8        6         0
                text49                             11AF     11AF       18         0
                text48                             1170     1170       12         0
                text47                              BBD      BBD      208         0
                text46                              A13      A13      1AA         0
                text45                             12F1     12F1       23         0
                text44                              DC5      DC5      23B         0
                text43                             15DB     15DB       71         0
                text42                             13EA     13EA       3C         0
                text41                             1381     1381       34         0
                text40                             1756     1756       AA         0
                text39                              82A      82A       C4         0
                text38                             146A     146A       4E         0
                text37                             16CB     16CB       8B         0
                text36                             115A     115A        B         0
                text35                             126F     126F       20         0
                text34                             164C     164C       7F         0
                text33                              710      710       EB         0
                text32                             12CF     12CF       22         0
                text31                              803      803       27         0
                text30                             10FE     10FE        6         0
                text29                             14B8     14B8       57         0
                text28                             1337     1337       25         0
                text27                             13B5     13B5       35         0
                text26                             1231     1231       1F         0
                text25                               A1       A1      66F         0
                text24                             1250     1250       1F         0
                text23                             150F     150F       61         0
                text22                              8EE      8EE      125         0
                text21                             128F     128F       20         0
                text20                             12AF     12AF       20         0
                text19                             1570     1570       6B         0
                text18                             1426     1426       44         0
                text17                             1314     1314       23         0
                text15                             11F9     11F9       1C         0
                text14                             1110     1110        9         0
                text13                             1119     1119        9         0
                text12                             1122     1122        9         0
                text11                             135C     135C       25         0
                text10                              7FB      7FB        4         0
                text9                              112B     112B        9         0
                text8                              11DF     11DF       1A         0
                text7                              1150     1150        A         0
                text6                              1134     1134        9         0
                text5                              1182     1182       15         0
                text4                              113D     113D        9         0
                text3                              11C7     11C7       18         0
                text2                              1104     1104        6         0
                text1                              1215     1215       1C         0
                maintext                           1165     1165        B         0
                clrtext                            110A     110A        6         0

        CLASS   STRCODE        
                stringtext3                        180A     180A        4         0
                stringtext2                        1806     1806        4         0
                stringtext1                        1800     1800        6         0

        CLASS   STRING         

        CLASS   CONST          

        CLASS   ENTRY          

        CLASS   COMMON         
                cstackCOMMON                         70       70        E         1

        CLASS   BANK0          
                cstackBANK0                          20       20       50         1

        CLASS   BANK1          
                cstackBANK1                          A0       A0       4A         1
                bssBANK1                             EA       EA        6         1

        CLASS   BANK2          
                cstackBANK2                         138      138       17         1
                bssBANK2                            120      120       18         1
                nvBANK2                             14F      14F        A         1

        CLASS   BANK3          
                bssBANK3                            1A0      1A0       50         1

        CLASS   BANK4          
                cstackBANK4                         220      220        2         1

        CLASS   BANK5          

        CLASS   BANK6          

        CLASS   BANK7          

        CLASS   BANK8          

        CLASS   BANK9          

        CLASS   BANK10         

        CLASS   BANK11         

        CLASS   BANK12         

        CLASS   BANK13         

        CLASS   BANK14         

        CLASS   BANK15         

        CLASS   BANK16         

        CLASS   BANK17         

        CLASS   BANK18         

        CLASS   BANK19         

        CLASS   BANK20         

        CLASS   BANK21         

        CLASS   BANK22         

        CLASS   BANK23         

        CLASS   BANK24         

        CLASS   BANK25         

        CLASS   BIGRAM         

        CLASS   RAM            

        CLASS   ABS1           
                abs_s1                               7E       7E        2         1

        CLASS   SFR0           

        CLASS   SFR1           

        CLASS   SFR2           

        CLASS   SFR3           

        CLASS   SFR4           

        CLASS   SFR5           

        CLASS   SFR6           

        CLASS   SFR7           

        CLASS   SFR8           

        CLASS   SFR9           

        CLASS   SFR10          

        CLASS   SFR11          

        CLASS   SFR12          

        CLASS   SFR13          

        CLASS   SFR14          

        CLASS   SFR15          

        CLASS   SFR16          

        CLASS   SFR17          

        CLASS   SFR18          

        CLASS   SFR19          

        CLASS   SFR20          

        CLASS   SFR21          

        CLASS   SFR22          

        CLASS   SFR23          

        CLASS   SFR24          

        CLASS   SFR25          

        CLASS   SFR26          

        CLASS   SFR27          

        CLASS   SFR28          

        CLASS   SFR29          

        CLASS   SFR30          

        CLASS   SFR31          

        CLASS   SFR32          

        CLASS   SFR33          

        CLASS   SFR34          

        CLASS   SFR35          

        CLASS   SFR36          

        CLASS   SFR37          

        CLASS   SFR38          

        CLASS   SFR39          

        CLASS   SFR40          

        CLASS   SFR41          

        CLASS   SFR42          

        CLASS   SFR43          

        CLASS   SFR44          

        CLASS   SFR45          

        CLASS   SFR46          

        CLASS   SFR47          

        CLASS   SFR48          

        CLASS   SFR49          

        CLASS   SFR50          

        CLASS   SFR51          

        CLASS   SFR52          

        CLASS   SFR53          

        CLASS   SFR54          

        CLASS   SFR55          

        CLASS   SFR56          

        CLASS   SFR57          

        CLASS   SFR58          

        CLASS   SFR59          

        CLASS   SFR60          

        CLASS   SFR61          

        CLASS   SFR62          

        CLASS   SFR63          

        CLASS   CONFIG         
                config                             8007     8007        5         4

        CLASS   IDLOC          

        CLASS   EEDATA         

        CLASS   BANK63         

        CLASS   BANK62         

        CLASS   BANK61         

        CLASS   BANK60         

        CLASS   BANK59         

        CLASS   BANK58         

        CLASS   BANK57         

        CLASS   BANK56         

        CLASS   BANK55         

        CLASS   BANK54         

        CLASS   BANK53         

        CLASS   BANK52         

        CLASS   BANK51         

        CLASS   BANK50         

        CLASS   BANK49         

        CLASS   BANK48         

        CLASS   BANK47         

        CLASS   BANK46         

        CLASS   BANK45         

        CLASS   BANK44         

        CLASS   BANK43         

        CLASS   BANK42         

        CLASS   BANK41         

        CLASS   BANK40         

        CLASS   BANK39         

        CLASS   BANK38         

        CLASS   BANK37         

        CLASS   BANK36         

        CLASS   BANK35         

        CLASS   BANK34         

        CLASS   BANK33         

        CLASS   BANK32         

        CLASS   BANK31         

        CLASS   BANK30         

        CLASS   BANK29         

        CLASS   BANK28         

        CLASS   BANK27         

        CLASS   BANK26         

        CLASS   HEAP           

        CLASS   STACK          



SEGMENTS        Name                           Load    Length   Top    Selector   Space  Class     Delta

                reset_vec                      000000  000002  000002         0       0  CODE        2
                intentry                       000004  0007FB  0007FF         8       0  CODE        2
                cstackBANK0                    000020  000050  000070        20       1  BANK0       1
                cstackCOMMON                   000070  00000E  00007E        70       1  COMMON      1
                cstackBANK1                    0000A0  000050  0000F0        A0       1  BANK1       1
                bssBANK2                       000120  000039  000159       120       1  BANK2       1
                bssBANK3                       0001A0  000050  0001F0       1A0       1  BANK3       1
                cstackBANK4                    000220  000002  000222       220       1  BANK4       1
                text31                         000803  000027  00082A      1006       0  CODE        2
                text39                         00082A  0000C4  0008EE      1054       0  CODE        2
                text22                         0008EE  000125  000A13      11DC       0  CODE        2
                text46                         000A13  0001AA  000BBD      1426       0  CODE        2
                text47                         000BBD  000208  000DC5      177A       0  CODE        2
                text44                         000DC5  00023B  001000      1B8A       0  CODE        2
                text50                         0010F8  000006  0010FE      21F0       0  CODE        2
                text30                         0010FE  000006  001104      21FC       0  CODE        2
                text2                          001104  000006  00110A      2208       0  CODE        2
                clrtext                        00110A  000006  001110      2214       0  CODE        2
                text14                         001110  000009  001119      2220       0  CODE        2
                text13                         001119  000009  001122      2232       0  CODE        2
                text12                         001122  000009  00112B      2244       0  CODE        2
                text9                          00112B  000009  001134      2256       0  CODE        2
                text6                          001134  000009  00113D      2268       0  CODE        2
                text4                          00113D  000009  001146      227A       0  CODE        2
                text52                         001146  00000A  001150      228C       0  CODE        2
                text7                          001150  00000A  00115A      22A0       0  CODE        2
                text36                         00115A  00000B  001165      22B4       0  CODE        2
                maintext                       001165  00000B  001170      22CA       0  CODE        2
                text48                         001170  000012  001182      22E0       0  CODE        2
                text5                          001182  000015  001197      2304       0  CODE        2
                text51                         001197  000018  0011AF      232E       0  CODE        2
                text49                         0011AF  000018  0011C7      235E       0  CODE        2
                text3                          0011C7  000018  0011DF      238E       0  CODE        2
                text8                          0011DF  00001A  0011F9      23BE       0  CODE        2
                text15                         0011F9  00001C  001215      23F2       0  CODE        2
                text1                          001215  00001C  001231      242A       0  CODE        2
                text26                         001231  00001F  001250      2462       0  CODE        2
                text24                         001250  00001F  00126F      24A0       0  CODE        2
                text35                         00126F  000020  00128F      24DE       0  CODE        2
                text21                         00128F  000020  0012AF      251E       0  CODE        2
                text20                         0012AF  000020  0012CF      255E       0  CODE        2
                text32                         0012CF  000022  0012F1      259E       0  CODE        2
                text45                         0012F1  000023  001314      25E2       0  CODE        2
                text17                         001314  000023  001337      2628       0  CODE        2
                text28                         001337  000025  00135C      266E       0  CODE        2
                text11                         00135C  000025  001381      26B8       0  CODE        2
                text41                         001381  000034  0013B5      2702       0  CODE        2
                text27                         0013B5  000035  0013EA      276A       0  CODE        2
                text42                         0013EA  00003C  001426      27D4       0  CODE        2
                text18                         001426  000044  00146A      284C       0  CODE        2
                text38                         00146A  00004E  0014B8      28D4       0  CODE        2
                text29                         0014B8  000057  00150F      2970       0  CODE        2
                text23                         00150F  000061  001570      2A1E       0  CODE        2
                text19                         001570  00006B  0015DB      2AE0       0  CODE        2
                text43                         0015DB  000071  00164C      2BB6       0  CODE        2
                text34                         00164C  00007F  0016CB      2C98       0  CODE        2
                text37                         0016CB  00008B  001756      2D96       0  CODE        2
                text40                         001756  0000AA  001800      2EAC       0  CODE        2
                stringtext1                    001800  00000E  00180E      3000       0  STRCODE     2


UNUSED ADDRESS RANGES

        Name                Unused          Largest block    Delta
        BANK10           00520-0056F              50           1
        BANK11           005A0-005EF              50           1
        BANK12           00620-0066F              50           1
        BANK13           006A0-006EF              50           1
        BANK14           00720-0076F              50           1
        BANK15           007A0-007EF              50           1
        BANK16           00820-0086F              50           1
        BANK17           008A0-008EF              50           1
        BANK18           00920-0096F              50           1
        BANK19           009A0-009EF              50           1
        BANK2            00159-0016F              17           1
        BANK20           00A20-00A6F              50           1
        BANK21           00AA0-00AEF              50           1
        BANK22           00B20-00B6F              50           1
        BANK23           00BA0-00BEF              50           1
        BANK24           00C20-00C6F              50           1
        BANK25           00CA0-00CBF              20           1
        BANK4            00222-0026F              4E           1
        BANK5            002A0-002EF              50           1
        BANK6            00320-0036F              50           1
        BANK7            003A0-003EF              50           1
        BANK8            00420-0046F              50           1
        BANK9            004A0-004EF              50           1
        BIGRAM           02000-027EF             7F0           1
        CODE             00002-00003               2           2
                         007FF-00802               1
                         01000-010F7              F8
                         0180E-03FFF             800
        CONST            00002-00003               2           2
                         007FF-00802               1
                         01000-010F7              F8
                         0180E-03FFF             100
        EEDATA           0F000-0F0FF             100           2
        ENTRY            00002-00003               2           2
                         007FF-00802               1
                         01000-010F7              F8
                         0180E-03FFF             100
        IDLOC            08000-08003               4           2
        RAM              00159-0016F              17           1
                         00222-0026F              4E
                         002A0-002EF              50
                         00320-0036F              50
                         003A0-003EF              50
                         00420-0046F              50
                         004A0-004EF              50
                         00520-0056F              50
                         005A0-005EF              50
                         00620-0066F              50
                         006A0-006EF              50
                         00720-0076F              50
                         007A0-007EF              50
                         00820-0086F              50
                         008A0-008EF              50
                         00920-0096F              50
                         009A0-009EF              50
                         00A20-00A6F              50
                         00AA0-00AEF              50
                         00B20-00B6F              50
                         00BA0-00BEF              50
                         00C20-00C6F              50
                         00CA0-00CBF              20
        SFR0             00000-0001F              20           1
        SFR1             00080-0009F              20           1
        SFR10            00500-0051F              20           1
        SFR11            00580-0059F              20           1
        SFR12            00600-0061F              20           1
        SFR13            00680-0069F              20           1
        SFR14            00700-0071F              20           1
        SFR15            00780-0079F              20           1
        SFR16            00800-0081F              20           1
        SFR17            00880-0089F              20           1
        SFR18            00900-0091F              20           1
        SFR19            00980-0099F              20           1
        SFR2             00100-0011F              20           1
        SFR20            00A00-00A1F              20           1
        SFR21            00A80-00A9F              20           1
        SFR22            00B00-00B1F              20           1
        SFR23            00B80-00B9F              20           1
        SFR24            00C00-00C1F              20           1
        SFR25            00C80-00C9F              20           1
        SFR26            00D00-00D6F              70           1
        SFR27            00D80-00DEF              70           1
        SFR28            00E00-00E6F              70           1
        SFR29            00E80-00EEF              70           1
        SFR3             00180-0019F              20           1
        SFR30            00F00-00F6F              70           1
        SFR31            00F80-00FEF              70           1
        SFR32            01000-0106F              70           1
        SFR33            01080-010EF              70           1
        SFR34            01100-0116F              70           1
        SFR35            01180-011EF              70           1
        SFR36            01200-0126F              70           1
        SFR37            01280-012EF              70           1
        SFR38            01300-0136F              70           1
        SFR39            01380-013EF              70           1
        SFR4             00200-0021F              20           1
        SFR40            01400-0146F              70           1
        SFR41            01480-014EF              70           1
        SFR42            01500-0156F              70           1
        SFR43            01580-015EF              70           1
        SFR44            01600-0166F              70           1
        SFR45            01680-016EF              70           1
        SFR46            01700-0176F              70           1
        SFR47            01780-017EF              70           1
        SFR48            01800-0186F              70           1
        SFR49            01880-018EF              70           1
        SFR5             00280-0029F              20           1
        SFR50            01900-0196F              70           1
        SFR51            01980-019EF              70           1
        SFR52            01A00-01A6F              70           1
        SFR53            01A80-01AEF              70           1
        SFR54            01B00-01B6F              70           1
        SFR55            01B80-01BEF              70           1
        SFR56            01C00-01C6F              70           1
        SFR57            01C80-01CEF              70           1
        SFR58            01D00-01D6F              70           1
        SFR59            01D80-01DEF              70           1
        SFR6             00300-0031F              20           1
        SFR60            01E00-01E6F              70           1
        SFR61            01E80-01EEF              70           1
        SFR62            01F00-01F6F              70           1
        SFR63            01F80-01FEF              70           1
        SFR7             00380-0039F              20           1
        SFR8             00400-0041F              20           1
        SFR9             00480-0049F              20           1
        STRCODE          00002-00003               2           2
                         007FF-00802               4
                         01000-010F7              F8
                         0180E-03FFF            27F2
        STRING           00002-00003               2           2
                         007FF-00802               1
                         01000-010F7              F8
                         0180E-03FFF             100

                                  Symbol Table

?_ADCC_GetSingleConversion                      cstackCOMMON 00070
?__Umul8_16                                     cstackCOMMON 00070
?___fladd                                       cstackBANK0  0003A
?___fldiv                                       cstackBANK0  0003A
?___flmul                                       cstackBANK0  00020
?___flneg                                       cstackCOMMON 00070
?___flsub                                       cstackBANK0  0004E
?___fltol                                       cstackBANK0  0004E
?___fpclassifyf                                 cstackCOMMON 00070
?___lwdiv                                       cstackCOMMON 00070
?___lwmod                                       cstackCOMMON 00070
?___wmul                                        cstackCOMMON 00070
?___xxtofl                                      cstackCOMMON 00070
?_floorf                                        cstackBANK0  00054
?_labs                                          cstackCOMMON 00070
?_read_prec_or_width                            cstackCOMMON 00076
?_sprintf                                       cstackBANK1  000E3
?_vfprintf                                      cstackBANK1  000DD
ADCC_GetSingleConversion@channel                cstackCOMMON 00072
EUSART1_SetErrorHandler@interruptHandler        cstackBANK4  00220
EUSART1_SetFramingErrorHandler@interruptHandler cstackBANK4  00220
EUSART1_SetOverrunErrorHandler@interruptHandler cstackBANK4  00220
EUSART1_Write@txData                            cstackCOMMON 00070
EUSART1_Write_String@str                        cstackCOMMON 00072
INTERRUPT_InterruptManager@buffer               cstackBANK2  00145
TMR0_SetInterruptHandler@InterruptHandler       cstackBANK4  00220
TMR2_SetInterruptHandler@InterruptHandler       cstackBANK4  00220
_ADACCH                                         (abs)        00097
_ADACCL                                         (abs)        00096
_ADACCU                                         (abs)        00098
_ADACQH                                         (abs)        0010D
_ADACQL                                         (abs)        0010C
_ADACT                                          (abs)        00117
_ADCAP                                          (abs)        0010E
_ADCC_GetSingleConversion                       text48       01170
_ADCC_Initialize                                text15       011F9
_ADCLK                                          (abs)        00118
_ADCNT                                          (abs)        00099
_ADCON0                                         (abs)        00111
_ADCON0bits                                     (abs)        00111
_ADCON1                                         (abs)        00112
_ADCON1bits                                     (abs)        00112
_ADCON2                                         (abs)        00113
_ADCON2bits                                     (abs)        00113
_ADCON3                                         (abs)        00114
_ADCON3bits                                     (abs)        00114
_ADERRH                                         (abs)        00091
_ADERRL                                         (abs)        00090
_ADFLTRH                                        (abs)        00095
_ADFLTRL                                        (abs)        00094
_ADLTHH                                         (abs)        0008D
_ADLTHL                                         (abs)        0008C
_ADPCH                                          (abs)        0009F
_ADPREH                                         (abs)        00110
_ADPREL                                         (abs)        0010F
_ADPREVH                                        (abs)        0009C
_ADPREVL                                        (abs)        0009B
_ADREF                                          (abs)        00116
_ADRESH                                         (abs)        0009E
_ADRESL                                         (abs)        0009D
_ADRPT                                          (abs)        0009A
_ADSTAT                                         (abs)        00115
_ADSTATbits                                     (abs)        00115
_ADSTPTH                                        (abs)        00093
_ADSTPTL                                        (abs)        00092
_ADUTHH                                         (abs)        0008F
_ADUTHL                                         (abs)        0008E
_ANSELA                                         (abs)        01F38
_ANSELC                                         (abs)        01F4E
_BAUD1CON                                       (abs)        0011F
_EUSART1_DefaultErrorHandler                    (abs)        00000
_EUSART1_DefaultFramingErrorHandler             (abs)        00000
_EUSART1_DefaultOverrunErrorHandler             (abs)        00000
_EUSART1_ErrorHandler                           nvBANK2      00153
_EUSART1_FramingErrorHandler                    nvBANK2      00157
_EUSART1_Initialize                             text11       0135C
_EUSART1_OverrunErrorHandler                    nvBANK2      00155
_EUSART1_SetErrorHandler                        text14       01110
_EUSART1_SetFramingErrorHandler                 text13       01119
_EUSART1_SetOverrunErrorHandler                 text12       01122
_EUSART1_Write                                  text52       01146
_EUSART1_Write_String                           text51       01197
_FVRCON                                         (abs)        0090C
_FVRCONbits                                     (abs)        0090C
_FVR_Initialize                                 text10       007FB
_GIE                                            (abs)        0005F
_INLVLA                                         (abs)        01F3C
_INLVLC                                         (abs)        01F52
_INTCONbits                                     (abs)        0000B
_INTERRUPT_InterruptManager                     intentry     00004
_LATA                                           (abs)        00018
_LATAbits                                       (abs)        00018
_LATC                                           (abs)        0001A
_LATCbits                                       (abs)        0001A
_ODCONA                                         (abs)        01F3A
_ODCONC                                         (abs)        01F50
_OSCCON1                                        (abs)        0088D
_OSCCON3                                        (abs)        0088F
_OSCEN                                          (abs)        00891
_OSCFRQ                                         (abs)        00893
_OSCILLATOR_Initialize                          text9        0112B
_OSCTUNE                                        (abs)        00892
_PCON0bits                                      (abs)        00813
_PIE0bits                                       (abs)        00716
_PIE4bits                                       (abs)        0071A
_PIN_MANAGER_Initialize                         text8        011DF
_PIR0bits                                       (abs)        0070C
_PIR3bits                                       (abs)        0070F
_PIR4bits                                       (abs)        00710
_PMD0                                           (abs)        00796
_PMD1                                           (abs)        00797
_PMD2                                           (abs)        00798
_PMD3                                           (abs)        00799
_PMD4                                           (abs)        0079A
_PMD5                                           (abs)        0079B
_PMD6                                           (abs)        0079C
_PMD7                                           (abs)        0079D
_PMD_Initialize                                 text7        01150
_PR2                                            (abs)        0028D
_RC1REG                                         (abs)        00119
_RC1STA                                         (abs)        0011D
_RC1STAbits                                     (abs)        0011D
_RC4PPS                                         (abs)        01F24
_SLRCONA                                        (abs)        01F3B
_SLRCONC                                        (abs)        01F51
_SP1BRGH                                        (abs)        0011C
_SP1BRGL                                        (abs)        0011B
_STATUSbits                                     (abs)        00003
_SYSTEM_Initialize                              text1        01215
_T0CON0                                         (abs)        0059E
_T0CON0bits                                     (abs)        0059E
_T0CON1                                         (abs)        0059F
_T2CLKCON                                       (abs)        00290
_T2CON                                          (abs)        0028E
_T2CONbits                                      (abs)        0028E
_T2HLT                                          (abs)        0028F
_T2HLTbits                                      (abs)        0028F
_T2PR                                           (abs)        0028D
_T2RST                                          (abs)        00291
_T2RSTbits                                      (abs)        00291
_T2TMR                                          (abs)        0028C
_TMR0H                                          (abs)        0059D
_TMR0L                                          (abs)        0059C
_TMR0_DefaultInterruptHandler                   (abs)        00000
_TMR0_ISR                                       text50       010F8
_TMR0_Initialize                                text5        01182
_TMR0_InterruptHandler                          nvBANK2      0014F
_TMR0_SetInterruptHandler                       text6        01134
_TMR2                                           (abs)        0028C
_TMR2_DefaultInterruptHandler                   (abs)        00000
_TMR2_Initialize                                text3        011C7
_TMR2_InterruptHandler                          nvBANK2      00151
_TMR2_SetInterruptHandler                       text4        0113D
_TRISA                                          (abs)        00012
_TRISC                                          (abs)        00014
_TX1REG                                         (abs)        0011A
_TX1STA                                         (abs)        0011E
_TX1STAbits                                     (abs)        0011E
_WDTCON0                                        (abs)        0080C
_WDTCON0bits                                    (abs)        0080C
_WDTCON1                                        (abs)        0080D
_WPUA                                           (abs)        01F39
_WPUC                                           (abs)        01F4F
_WWDT_Initialize                                text2        01104
__H__absolute__                                 __absolute__ 00000
__Habs1                                         abs1         00000
__Hbank0                                        bank0        00000
__Hbank1                                        bank1        00000
__Hbank10                                       bank10       00000
__Hbank11                                       bank11       00000
__Hbank12                                       bank12       00000
__Hbank13                                       bank13       00000
__Hbank14                                       bank14       00000
__Hbank15                                       bank15       00000
__Hbank16                                       bank16       00000
__Hbank17                                       bank17       00000
__Hbank18                                       bank18       00000
__Hbank19                                       bank19       00000
__Hbank2                                        bank2        00000
__Hbank20                                       bank20       00000
__Hbank21                                       bank21       00000
__Hbank22                                       bank22       00000
__Hbank23                                       bank23       00000
__Hbank24                                       bank24       00000
__Hbank25                                       bank25       00000
__Hbank26                                       bank26       00000
__Hbank27                                       bank27       00000
__Hbank28                                       bank28       00000
__Hbank29                                       bank29       00000
__Hbank3                                        bank3        00000
__Hbank30                                       bank30       00000
__Hbank31                                       bank31       00000
__Hbank32                                       bank32       00000
__Hbank33                                       bank33       00000
__Hbank34                                       bank34       00000
__Hbank35                                       bank35       00000
__Hbank36                                       bank36       00000
__Hbank37                                       bank37       00000
__Hbank38                                       bank38       00000
__Hbank39                                       bank39       00000
__Hbank4                                        bank4        00000
__Hbank40                                       bank40       00000
__Hbank41                                       bank41       00000
__Hbank42                                       bank42       00000
__Hbank43                                       bank43       00000
__Hbank44                                       bank44       00000
__Hbank45                                       bank45       00000
__Hbank46                                       bank46       00000
__Hbank47                                       bank47       00000
__Hbank48                                       bank48       00000
__Hbank49                                       bank49       00000
__Hbank5                                        bank5        00000
__Hbank50                                       bank50       00000
__Hbank51                                       bank51       00000
__Hbank52                                       bank52       00000
__Hbank53                                       bank53       00000
__Hbank54                                       bank54       00000
__Hbank55                                       bank55       00000
__Hbank56                                       bank56       00000
__Hbank57                                       bank57       00000
__Hbank58                                       bank58       00000
__Hbank59                                       bank59       00000
__Hbank6                                        bank6        00000
__Hbank60                                       bank60       00000
__Hbank61                                       bank61       00000
__Hbank62                                       bank62       00000
__Hbank63                                       bank63       00000
__Hbank7                                        bank7        00000
__Hbank8                                        bank8        00000
__Hbank9                                        bank9        00000
__Hbigram                                       bigram       00000
__HbssBANK1                                     bssBANK1     00000
__HbssBANK2                                     bssBANK2     00000
__HbssBANK3                                     bssBANK3     00000
__Hcinit                                        cinit        000A1
__Hclrtext                                      clrtext      00000
__Hcode                                         code         00000
__Hcommon                                       common       00000
__Hconfig                                       config       0800C
__HcstackBANK0                                  cstackBANK0  00000
__HcstackBANK1                                  cstackBANK1  00000
__HcstackBANK2                                  cstackBANK2  00000
__HcstackBANK4                                  cstackBANK4  00000
__HcstackCOMMON                                 cstackCOMMON 00000
__Heeprom_data                                  eeprom_data  00000
__Hend_init                                     end_init     00086
__Hfunctab                                      functab      00000
__Hheap                                         heap         00000
__Hinit                                         init         00084
__Hintentry                                     intentry     00084
__Hmaintext                                     maintext     00000
__HnvBANK2                                      nvBANK2      00000
__Hpowerup                                      powerup      00000
__Hram                                          ram          00000
__Hreset_vec                                    reset_vec    00002
__Hsfr0                                         sfr0         00000
__Hsfr1                                         sfr1         00000
__Hsfr10                                        sfr10        00000
__Hsfr11                                        sfr11        00000
__Hsfr12                                        sfr12        00000
__Hsfr13                                        sfr13        00000
__Hsfr14                                        sfr14        00000
__Hsfr15                                        sfr15        00000
__Hsfr16                                        sfr16        00000
__Hsfr17                                        sfr17        00000
__Hsfr18                                        sfr18        00000
__Hsfr19                                        sfr19        00000
__Hsfr2                                         sfr2         00000
__Hsfr20                                        sfr20        00000
__Hsfr21                                        sfr21        00000
__Hsfr22                                        sfr22        00000
__Hsfr23                                        sfr23        00000
__Hsfr24                                        sfr24        00000
__Hsfr25                                        sfr25        00000
__Hsfr26                                        sfr26        00000
__Hsfr27                                        sfr27        00000
__Hsfr28                                        sfr28        00000
__Hsfr29                                        sfr29        00000
__Hsfr3                                         sfr3         00000
__Hsfr30                                        sfr30        00000
__Hsfr31                                        sfr31        00000
__Hsfr32                                        sfr32        00000
__Hsfr33                                        sfr33        00000
__Hsfr34                                        sfr34        00000
__Hsfr35                                        sfr35        00000
__Hsfr36                                        sfr36        00000
__Hsfr37                                        sfr37        00000
__Hsfr38                                        sfr38        00000
__Hsfr39                                        sfr39        00000
__Hsfr4                                         sfr4         00000
__Hsfr40                                        sfr40        00000
__Hsfr41                                        sfr41        00000
__Hsfr42                                        sfr42        00000
__Hsfr43                                        sfr43        00000
__Hsfr44                                        sfr44        00000
__Hsfr45                                        sfr45        00000
__Hsfr46                                        sfr46        00000
__Hsfr47                                        sfr47        00000
__Hsfr48                                        sfr48        00000
__Hsfr49                                        sfr49        00000
__Hsfr5                                         sfr5         00000
__Hsfr50                                        sfr50        00000
__Hsfr51                                        sfr51        00000
__Hsfr52                                        sfr52        00000
__Hsfr53                                        sfr53        00000
__Hsfr54                                        sfr54        00000
__Hsfr55                                        sfr55        00000
__Hsfr56                                        sfr56        00000
__Hsfr57                                        sfr57        00000
__Hsfr58                                        sfr58        00000
__Hsfr59                                        sfr59        00000
__Hsfr6                                         sfr6         00000
__Hsfr60                                        sfr60        00000
__Hsfr61                                        sfr61        00000
__Hsfr62                                        sfr62        00000
__Hsfr63                                        sfr63        00000
__Hsfr7                                         sfr7         00000
__Hsfr8                                         sfr8         00000
__Hsfr9                                         sfr9         00000
__Hspace_0                                      (abs)        0180E
__Hspace_1                                      (abs)        00222
__Hspace_2                                      (abs)        00000
__Hspace_3                                      (abs)        00000
__Hspace_4                                      (abs)        10013
__Hstack                                        stack        00000
__Hstrings                                      strings      00000
__Hstringtext1                                  stringtext1  00000
__Hstringtext2                                  stringtext2  00000
__Hstringtext3                                  stringtext3  00000
__Hstringtext4                                  stringtext4  00000
__Htext                                         text         00000
__L__absolute__                                 __absolute__ 00000
__Labs1                                         abs1         00000
__Lbank0                                        bank0        00000
__Lbank1                                        bank1        00000
__Lbank10                                       bank10       00000
__Lbank11                                       bank11       00000
__Lbank12                                       bank12       00000
__Lbank13                                       bank13       00000
__Lbank14                                       bank14       00000
__Lbank15                                       bank15       00000
__Lbank16                                       bank16       00000
__Lbank17                                       bank17       00000
__Lbank18                                       bank18       00000
__Lbank19                                       bank19       00000
__Lbank2                                        bank2        00000
__Lbank20                                       bank20       00000
__Lbank21                                       bank21       00000
__Lbank22                                       bank22       00000
__Lbank23                                       bank23       00000
__Lbank24                                       bank24       00000
__Lbank25                                       bank25       00000
__Lbank26                                       bank26       00000
__Lbank27                                       bank27       00000
__Lbank28                                       bank28       00000
__Lbank29                                       bank29       00000
__Lbank3                                        bank3        00000
__Lbank30                                       bank30       00000
__Lbank31                                       bank31       00000
__Lbank32                                       bank32       00000
__Lbank33                                       bank33       00000
__Lbank34                                       bank34       00000
__Lbank35                                       bank35       00000
__Lbank36                                       bank36       00000
__Lbank37                                       bank37       00000
__Lbank38                                       bank38       00000
__Lbank39                                       bank39       00000
__Lbank4                                        bank4        00000
__Lbank40                                       bank40       00000
__Lbank41                                       bank41       00000
__Lbank42                                       bank42       00000
__Lbank43                                       bank43       00000
__Lbank44                                       bank44       00000
__Lbank45                                       bank45       00000
__Lbank46                                       bank46       00000
__Lbank47                                       bank47       00000
__Lbank48                                       bank48       00000
__Lbank49                                       bank49       00000
__Lbank5                                        bank5        00000
__Lbank50                                       bank50       00000
__Lbank51                                       bank51       00000
__Lbank52                                       bank52       00000
__Lbank53                                       bank53       00000
__Lbank54                                       bank54       00000
__Lbank55                                       bank55       00000
__Lbank56                                       bank56       00000
__Lbank57                                       bank57       00000
__Lbank58                                       bank58       00000
__Lbank59                                       bank59       00000
__Lbank6                                        bank6        00000
__Lbank60                                       bank60       00000
__Lbank61                                       bank61       00000
__Lbank62                                       bank62       00000
__Lbank63                                       bank63       00000
__Lbank7                                        bank7        00000
__Lbank8                                        bank8        00000
__Lbank9                                        bank9        00000
__Lbigram                                       bigram       00000
__LbssBANK1                                     bssBANK1     00000
__LbssBANK2                                     bssBANK2     00000
__LbssBANK3                                     bssBANK3     00000
__Lcinit                                        cinit        00086
__Lclrtext                                      clrtext      00000
__Lcode                                         code         00000
__Lcommon                                       common       00000
__Lconfig                                       config       00000
__LcstackBANK0                                  cstackBANK0  00000
__LcstackBANK1                                  cstackBANK1  00000
__LcstackBANK2                                  cstackBANK2  00000
__LcstackBANK4                                  cstackBANK4  00000
__LcstackCOMMON                                 cstackCOMMON 00000
__Leeprom_data                                  eeprom_data  00000
__Lend_init                                     end_init     00084
__Lfunctab                                      functab      00000
__Lheap                                         heap         00000
__Linit                                         init         00084
__Lintentry                                     intentry     00004
__Lmaintext                                     maintext     00000
__LnvBANK2                                      nvBANK2      00000
__Lpowerup                                      powerup      00000
__Lram                                          ram          00000
__Lreset_vec                                    reset_vec    00000
__Lsfr0                                         sfr0         00000
__Lsfr1                                         sfr1         00000
__Lsfr10                                        sfr10        00000
__Lsfr11                                        sfr11        00000
__Lsfr12                                        sfr12        00000
__Lsfr13                                        sfr13        00000
__Lsfr14                                        sfr14        00000
__Lsfr15                                        sfr15        00000
__Lsfr16                                        sfr16        00000
__Lsfr17                                        sfr17        00000
__Lsfr18                                        sfr18        00000
__Lsfr19                                        sfr19        00000
__Lsfr2                                         sfr2         00000
__Lsfr20                                        sfr20        00000
__Lsfr21                                        sfr21        00000
__Lsfr22                                        sfr22        00000
__Lsfr23                                        sfr23        00000
__Lsfr24                                        sfr24        00000
__Lsfr25                                        sfr25        00000
__Lsfr26                                        sfr26        00000
__Lsfr27                                        sfr27        00000
__Lsfr28                                        sfr28        00000
__Lsfr29                                        sfr29        00000
__Lsfr3                                         sfr3         00000
__Lsfr30                                        sfr30        00000
__Lsfr31                                        sfr31        00000
__Lsfr32                                        sfr32        00000
__Lsfr33                                        sfr33        00000
__Lsfr34                                        sfr34        00000
__Lsfr35                                        sfr35        00000
__Lsfr36                                        sfr36        00000
__Lsfr37                                        sfr37        00000
__Lsfr38                                        sfr38        00000
__Lsfr39                                        sfr39        00000
__Lsfr4                                         sfr4         00000
__Lsfr40                                        sfr40        00000
__Lsfr41                                        sfr41        00000
__Lsfr42                                        sfr42        00000
__Lsfr43                                        sfr43        00000
__Lsfr44                                        sfr44        00000
__Lsfr45                                        sfr45        00000
__Lsfr46                                        sfr46        00000
__Lsfr47                                        sfr47        00000
__Lsfr48                                        sfr48        00000
__Lsfr49                                        sfr49        00000
__Lsfr5                                         sfr5         00000
__Lsfr50                                        sfr50        00000
__Lsfr51                                        sfr51        00000
__Lsfr52                                        sfr52        00000
__Lsfr53                                        sfr53        00000
__Lsfr54                                        sfr54        00000
__Lsfr55                                        sfr55        00000
__Lsfr56                                        sfr56        00000
__Lsfr57                                        sfr57        00000
__Lsfr58                                        sfr58        00000
__Lsfr59                                        sfr59        00000
__Lsfr6                                         sfr6         00000
__Lsfr60                                        sfr60        00000
__Lsfr61                                        sfr61        00000
__Lsfr62                                        sfr62        00000
__Lsfr63                                        sfr63        00000
__Lsfr7                                         sfr7         00000
__Lsfr8                                         sfr8         00000
__Lsfr9                                         sfr9         00000
__Lspace_0                                      (abs)        00000
__Lspace_1                                      (abs)        00000
__Lspace_2                                      (abs)        00000
__Lspace_3                                      (abs)        00000
__Lspace_4                                      (abs)        00000
__Lstack                                        stack        00000
__Lstrings                                      strings      00000
__Lstringtext1                                  stringtext1  00000
__Lstringtext2                                  stringtext2  00000
__Lstringtext3                                  stringtext3  00000
__Lstringtext4                                  stringtext4  00000
__Ltext                                         text         00000
__S0                                            (abs)        0180E
__S1                                            (abs)        00222
__S3                                            (abs)        00000
__Umul8_16                                      text45       012F1
__Umul8_16@multiplicand                         cstackCOMMON 00070
__Umul8_16@multiplier                           cstackCOMMON 00078
__Umul8_16@product                              cstackCOMMON 00074
__Umul8_16@word_mpld                            cstackCOMMON 00076
___fladd                                        text47       00BBD
___fladd@a                                      cstackBANK0  0003E
___fladd@aexp                                   cstackBANK0  0004B
___fladd@b                                      cstackBANK0  0003A
___fladd@bexp                                   cstackBANK0  0004C
___fladd@grs                                    cstackBANK0  0004D
___fladd@signs                                  cstackBANK0  0004A
___fldiv                                        text46       00A13
___fldiv@a                                      cstackBANK0  0003A
___fldiv@aexp                                   cstackBANK0  00053
___fldiv@b                                      cstackBANK0  0003E
___fldiv@bexp                                   cstackBANK0  00052
___fldiv@grs                                    cstackBANK0  0004E
___fldiv@new_exp                                cstackBANK0  0004C
___fldiv@rem                                    cstackBANK0  00047
___fldiv@sign                                   cstackBANK0  0004B
___fleq                                         text38       0146A
___fleq@ff1                                     cstackCOMMON 00070
___fleq@ff2                                     cstackCOMMON 00074
___flge                                         text37       016CB
___flge@ff1                                     cstackBANK0  0003A
___flge@ff2                                     cstackBANK0  0003E
___flmul                                        text44       00DC5
___flmul@a                                      cstackBANK0  00024
___flmul@aexp                                   cstackBANK0  00032
___flmul@b                                      cstackBANK0  00020
___flmul@bexp                                   cstackBANK0  00033
___flmul@grs                                    cstackBANK0  0002E
___flmul@prod                                   cstackBANK0  00034
___flmul@sign                                   cstackBANK0  0002D
___flmul@temp                                   cstackBANK0  00038
___flneg                                        text36       0115A
___flneg@f1                                     cstackCOMMON 00070
___flsub                                        text35       0126F
___flsub@a                                      cstackBANK0  0004E
___flsub@b                                      cstackBANK0  00052
___fltol                                        text43       015DB
___fltol@exp1                                   cstackBANK0  00057
___fltol@f1                                     cstackBANK0  0004E
___fltol@sign1                                  cstackBANK0  00056
___fpclassifyf                                  text34       0164C
___fpclassifyf@F465                             bssBANK2     00124
___fpclassifyf@e                                cstackBANK0  00020
___fpclassifyf@u                                cstackBANK0  00022
___fpclassifyf@x                                cstackCOMMON 00070
___heap_hi                                      (abs)        00000
___heap_lo                                      (abs)        00000
___int_sp                                       stack        00000
___latbits                                      (abs)        00003
___lwdiv                                        text42       013EA
___lwdiv@counter                                cstackCOMMON 00077
___lwdiv@dividend                               cstackCOMMON 00072
___lwdiv@divisor                                cstackCOMMON 00070
___lwdiv@quotient                               cstackCOMMON 00075
___lwmod                                        text41       01381
___lwmod@counter                                cstackCOMMON 00075
___lwmod@dividend                               cstackCOMMON 00072
___lwmod@divisor                                cstackCOMMON 00070
___sp                                           stack        00000
___stackhi                                      (abs)        00000
___stacklo                                      (abs)        00000
___wmul                                         text24       01250
___wmul@multiplicand                            cstackCOMMON 00072
___wmul@multiplier                              cstackCOMMON 00070
___wmul@product                                 cstackCOMMON 00074
___xxtofl                                       text40       01756
___xxtofl@arg                                   cstackCOMMON 0007A
___xxtofl@exp                                   cstackCOMMON 00079
___xxtofl@sign                                  cstackCOMMON 00078
___xxtofl@val                                   cstackCOMMON 00070
__end_of_ADCC_GetSingleConversion               text48       01182
__end_of_ADCC_Initialize                        text15       01215
__end_of_EUSART1_Initialize                     text11       01381
__end_of_EUSART1_SetErrorHandler                text14       01119
__end_of_EUSART1_SetFramingErrorHandler         text13       01122
__end_of_EUSART1_SetOverrunErrorHandler         text12       0112B
__end_of_EUSART1_Write                          text52       01150
__end_of_EUSART1_Write_String                   text51       011AF
__end_of_FVR_Initialize                         text10       007FF
__end_of_INTERRUPT_InterruptManager             intentry     00084
__end_of_OSCILLATOR_Initialize                  text9        01134
__end_of_PIN_MANAGER_Initialize                 text8        011F9
__end_of_PMD_Initialize                         text7        0115A
__end_of_SYSTEM_Initialize                      text1        01231
__end_of_TMR0_ISR                               text50       010FE
__end_of_TMR0_Initialize                        text5        01197
__end_of_TMR0_SetInterruptHandler               text6        0113D
__end_of_TMR2_Initialize                        text3        011DF
__end_of_TMR2_SetInterruptHandler               text4        01146
__end_of_WWDT_Initialize                        text2        0110A
__end_of__Umul8_16                              text45       01314
__end_of___fladd                                text47       00DC5
__end_of___fldiv                                text46       00BBD
__end_of___fleq                                 text38       014B8
__end_of___flge                                 text37       01756
__end_of___flmul                                text44       01000
__end_of___flneg                                text36       01165
__end_of___flsub                                text35       0128F
__end_of___fltol                                text43       0164C
__end_of___fpclassifyf                          text34       016CB
__end_of___lwdiv                                text42       01426
__end_of___lwmod                                text41       013B5
__end_of___wmul                                 text24       0126F
__end_of___xxtofl                               text40       01800
__end_of__initialization                        cinit        0009D
__end_of_efgtoa                                 text25       00710
__end_of_elegirDisplay                          text18       0146A
__end_of_elegirNumero                           text19       015DB
__end_of_floorf                                 text33       007FB
__end_of_fputc                                  text29       0150F
__end_of_fputs                                  text28       0135C
__end_of_labs                                   text32       012F1
__end_of_main                                   maintext     01170
__end_of_memcpy                                 text31       0082A
__end_of_modoBajoConsumo                        text49       011C7
__end_of_pad                                    text27       013EA
__end_of_putch                                  text30       01104
__end_of_readADC                                text39       008EE
__end_of_read_prec_or_width                     text23       01570
__end_of_sprintf                                text20       012CF
__end_of_strcpy                                 text26       01250
__end_of_updateDisplay                          text17       01337
__end_of_vfpfcnvrt                              text22       00A13
__end_of_vfprintf                               text21       012AF
__initialization                                cinit        00086
__pbssBANK1                                     bssBANK1     000EA
__pbssBANK2                                     bssBANK2     00120
__pbssBANK3                                     bssBANK3     001A0
__pcstackBANK0                                  cstackBANK0  00020
__pcstackBANK1                                  cstackBANK1  000A0
__pcstackBANK2                                  cstackBANK2  00138
__pcstackBANK4                                  cstackBANK4  00220
__pcstackCOMMON                                 cstackCOMMON 00070
__pintentry                                     intentry     00004
__pmaintext                                     maintext     01165
__pnvBANK2                                      nvBANK2      0014F
__pstringtext1                                  stringtext1  01800
__pstringtext2                                  stringtext2  01806
__pstringtext3                                  stringtext3  0180A
__pstringtext4                                  stringtext4  00000
__ptext1                                        text1        01215
__ptext10                                       text10       007FB
__ptext11                                       text11       0135C
__ptext12                                       text12       01122
__ptext13                                       text13       01119
__ptext14                                       text14       01110
__ptext15                                       text15       011F9
__ptext17                                       text17       01314
__ptext18                                       text18       01426
__ptext19                                       text19       01570
__ptext2                                        text2        01104
__ptext20                                       text20       012AF
__ptext21                                       text21       0128F
__ptext22                                       text22       008EE
__ptext23                                       text23       0150F
__ptext24                                       text24       01250
__ptext25                                       text25       000A1
__ptext26                                       text26       01231
__ptext27                                       text27       013B5
__ptext28                                       text28       01337
__ptext29                                       text29       014B8
__ptext3                                        text3        011C7
__ptext30                                       text30       010FE
__ptext31                                       text31       00803
__ptext32                                       text32       012CF
__ptext33                                       text33       00710
__ptext34                                       text34       0164C
__ptext35                                       text35       0126F
__ptext36                                       text36       0115A
__ptext37                                       text37       016CB
__ptext38                                       text38       0146A
__ptext39                                       text39       0082A
__ptext4                                        text4        0113D
__ptext40                                       text40       01756
__ptext41                                       text41       01381
__ptext42                                       text42       013EA
__ptext43                                       text43       015DB
__ptext44                                       text44       00DC5
__ptext45                                       text45       012F1
__ptext46                                       text46       00A13
__ptext47                                       text47       00BBD
__ptext48                                       text48       01170
__ptext49                                       text49       011AF
__ptext5                                        text5        01182
__ptext50                                       text50       010F8
__ptext51                                       text51       01197
__ptext52                                       text52       01146
__ptext6                                        text6        01134
__ptext7                                        text7        01150
__ptext8                                        text8        011DF
__ptext9                                        text9        0112B
_adc_value                                      bssBANK2     00132
_bandera                                        bssBANK2     00134
_bandseg                                        bssBANK2     00136
_currentDisplayDigit                            bssBANK1     000EC
_dbuf                                           bssBANK3     001A0
_digits                                         bssBANK2     00128
_efgtoa                                         text25       000A1
_efgtoa$1997                                    cstackBANK1  000AA
_elegirDisplay                                  text18       01426
_elegirNumero                                   text19       01570
_eusart1RxLastError                             bssBANK2     00137
_flags                                          bssBANK1     000EE
_floorf                                         text33       00710
_fputc                                          text29       014B8
_fputs                                          text28       01337
_labs                                           text32       012CF
_main                                           maintext     01165
_memcpy                                         text31       00803
_modoBajoConsumo                                text49       011AF
_pad                                            text27       013B5
_prec                                           bssBANK1     000EA
_putch                                          text30       010FE
_readADC                                        text39       0082A
_read_prec_or_width                             text23       0150F
_sprintf                                        text20       012AF
_strcpy                                         text26       01231
_updateDisplay                                  text17       01314
_vfpfcnvrt                                      text22       008EE
_vfprintf                                       text21       0128F
_voltage                                        bssBANK2     0012C
_width                                          bssBANK2     00130
btemp                                           (abs)        0007E
clear_ram0                                      clrtext      0110A
efgtoa@c                                        cstackBANK0  0006C
efgtoa@d                                        cstackBANK1  000AF
efgtoa@e                                        cstackBANK1  000B4
efgtoa@f                                        cstackBANK0  00068
efgtoa@fp                                       cstackBANK1  000B3
efgtoa@g                                        cstackBANK1  000C7
efgtoa@h                                        cstackBANK1  000BE
efgtoa@i                                        cstackBANK1  000BC
efgtoa@l                                        cstackBANK1  000C2
efgtoa@m                                        cstackBANK1  000B1
efgtoa@mode                                     cstackBANK1  000AD
efgtoa@n                                        cstackBANK1  000CB
efgtoa@ne                                       cstackBANK1  000A4
efgtoa@nmode                                    cstackBANK1  000AE
efgtoa@ou                                       cstackBANK1  000B8
efgtoa@p                                        cstackBANK1  000A6
efgtoa@pp                                       cstackBANK1  000AC
efgtoa@sign                                     cstackBANK1  000C6
efgtoa@t                                        cstackBANK1  000A8
efgtoa@u                                        cstackBANK1  000CD
efgtoa@w                                        cstackBANK1  000B6
elegirDisplay@current_digit                     cstackCOMMON 00074
elegirNumero@current_digit                      cstackCOMMON 00070
end_of_initialization                           cinit        0009D
floorf@F526                                     bssBANK2     00120
floorf@e                                        cstackBANK0  00062
floorf@m                                        cstackBANK0  0005E
floorf@u                                        cstackBANK0  00064
floorf@x                                        cstackBANK0  00054
fputc@c                                         cstackCOMMON 00072
fputc@fp                                        cstackCOMMON 00074
fputs@c                                         cstackBANK0  00020
fputs@fp                                        cstackCOMMON 0007A
fputs@i                                         cstackBANK0  00021
fputs@s                                         cstackBANK0  00023
int$flags                                       (abs)        0007E
intlevel0                                       functab      00000
intlevel1                                       functab      00000
intlevel2                                       functab      00000
intlevel3                                       functab      00000
intlevel4                                       functab      00000
intlevel5                                       functab      00000
labs@a                                          cstackCOMMON 00070
memcpy@d                                        cstackCOMMON 00076
memcpy@d1                                       cstackCOMMON 00075
memcpy@n                                        cstackCOMMON 00071
memcpy@s                                        cstackCOMMON 00077
memcpy@s1                                       cstackCOMMON 00070
memcpy@tmp                                      cstackCOMMON 00074
pad@buf                                         cstackBANK0  00024
pad@fp                                          cstackBANK0  0002B
pad@i                                           cstackBANK0  00027
pad@p                                           cstackBANK0  00025
pad@w                                           cstackBANK0  00029
putch@txData                                    cstackCOMMON 00071
readADC@i                                       cstackBANK0  0005B
readADC@temp                                    cstackBANK0  00059
read_prec_or_width@ap                           cstackCOMMON 00076
read_prec_or_width@c                            cstackBANK0  00020
read_prec_or_width@fmt                          cstackBANK0  00023
read_prec_or_width@n                            cstackBANK0  00021
reset_vec                                       reset_vec    00000
sprintf@ap                                      cstackBANK2  00139
sprintf@f                                       cstackBANK2  0013A
sprintf@fmt                                     cstackBANK1  000E3
sprintf@s                                       cstackBANK2  00138
start                                           init         00084
start_initialization                            cinit        00086
strcpy@d                                        cstackCOMMON 00076
strcpy@dest                                     cstackCOMMON 00077
strcpy@s                                        cstackCOMMON 00074
strcpy@src                                      cstackCOMMON 00070
vfpfcnvrt@ap                                    cstackBANK0  0006E
vfpfcnvrt@c                                     cstackBANK1  000DA
vfpfcnvrt@convarg                               cstackBANK1  000D5
vfpfcnvrt@cp                                    cstackBANK1  000DB
vfpfcnvrt@fmt                                   cstackBANK0  0006D
vfpfcnvrt@fp                                    cstackBANK1  000D9
vfprintf@ap                                     cstackBANK1  000DF
vfprintf@cfmt                                   cstackBANK1  000E1
vfprintf@fmt                                    cstackBANK1  000DD
vfprintf@fp                                     cstackBANK1  000E0
wtemp0                                          (abs)        0007E


MODULE INFORMATION

Module		Function		Class		Link	Load	Size
C:\Program Files\Microchip\xc8\v2.41\pic\sources\c99\common\__fpclassifyf.c
		___fpclassifyf 		CODE           	164C	0000	127

C:\Program Files\Microchip\xc8\v2.41\pic\sources\c99\common\__fpclassifyf.c estimated size: 127

C:\Program Files\Microchip\xc8\v2.41\pic\sources\c99\common\floorf.c
		_floorf        		CODE           	0710	0000	235

C:\Program Files\Microchip\xc8\v2.41\pic\sources\c99\common\floorf.c estimated size: 235

C:\Program Files\Microchip\xc8\v2.41\pic\sources\c99\common\flge.c
		___flge        		CODE           	16CB	0000	139

C:\Program Files\Microchip\xc8\v2.41\pic\sources\c99\common\flge.c estimated size: 139

C:\Program Files\Microchip\xc8\v2.41\pic\sources\c99\common\Umul8_16.c
		__Umul8_16     		CODE           	12F1	0000	35

C:\Program Files\Microchip\xc8\v2.41\pic\sources\c99\common\Umul8_16.c estimated size: 35

mcc_generated_files/fvr.c
		_FVR_Initialize		CODE           	07FB	0000	4

mcc_generated_files/fvr.c estimated size: 4

C:\Program Files\Microchip\xc8\v2.41\pic\sources\c99\common\fltol.c
		___fltol       		CODE           	15DB	0000	113

C:\Program Files\Microchip\xc8\v2.41\pic\sources\c99\common\fltol.c estimated size: 113

C:\Program Files\Microchip\xc8\v2.41\pic\sources\c99\common\xxtofl.c
		___xxtofl      		CODE           	1756	0000	170

C:\Program Files\Microchip\xc8\v2.41\pic\sources\c99\common\xxtofl.c estimated size: 170

mcc_generated_files/tmr2.c
		_TMR2_Initialize		CODE           	11C7	0000	24
		_TMR2_SetInterruptHandler		CODE           	113D	0000	9

mcc_generated_files/tmr2.c estimated size: 33

mcc_generated_files/interrupt_manager.c
		_INTERRUPT_InterruptManager		CODE           	0004	0000	128

mcc_generated_files/interrupt_manager.c estimated size: 128

C:\Program Files\Microchip\xc8\v2.41\pic\sources\c99\common\nf_fputc.c
		_fputc         		CODE           	14B8	0000	87

C:\Program Files\Microchip\xc8\v2.41\pic\sources\c99\common\nf_fputc.c estimated size: 87

mcc_generated_files/tmr0.c
		_TMR0_SetInterruptHandler		CODE           	1134	0000	9
		_TMR0_ISR      		CODE           	10F8	0000	6
		_TMR0_Initialize		CODE           	1182	0000	21

mcc_generated_files/tmr0.c estimated size: 36

C:\Program Files\Microchip\xc8\v2.41\pic\sources\c99\common\strcpy.c
		_strcpy        		CODE           	1231	0000	31

C:\Program Files\Microchip\xc8\v2.41\pic\sources\c99\common\strcpy.c estimated size: 31

C:\Program Files\Microchip\xc8\v2.41\pic\sources\c99\common\nf_sprintf.c
		_sprintf       		CODE           	12AF	0000	32

C:\Program Files\Microchip\xc8\v2.41\pic\sources\c99\common\nf_sprintf.c estimated size: 32

mcc_generated_files/pin_manager.c
		_PIN_MANAGER_Initialize		CODE           	11DF	0000	26

mcc_generated_files/pin_manager.c estimated size: 26

C:\Program Files\Microchip\xc8\v2.41\pic\sources\c99\common\sprcadd.c
		___flsub       		CODE           	126F	0000	32
		___fladd       		CODE           	0BBD	0000	520

C:\Program Files\Microchip\xc8\v2.41\pic\sources\c99\common\sprcadd.c estimated size: 552

C:\Program Files\Microchip\xc8\v2.41\pic\sources\c99\common\lwdiv.c
		___lwdiv       		CODE           	13EA	0000	60

C:\Program Files\Microchip\xc8\v2.41\pic\sources\c99\common\lwdiv.c estimated size: 60

C:\Program Files\Microchip\xc8\v2.41\pic\sources\c99\common\doprnt.c
		_read_prec_or_width		CODE           	150F	0000	97
		_vfpfcnvrt     		CODE           	08EE	0000	293
		_efgtoa        		CODE           	00A1	0000	1647
		_pad           		CODE           	13B5	0000	53
		_vfprintf      		CODE           	128F	0000	32

C:\Program Files\Microchip\xc8\v2.41\pic\sources\c99\common\doprnt.c estimated size: 2122

C:\Program Files\Microchip\xc8\v2.41\pic\sources\c99\common\flneg.c
		___flneg       		CODE           	115A	0000	11

C:\Program Files\Microchip\xc8\v2.41\pic\sources\c99\common\flneg.c estimated size: 11

C:\Program Files\Microchip\xc8\v2.41\pic\sources\c99\common\fleq.c
		___fleq        		CODE           	146A	0000	78

C:\Program Files\Microchip\xc8\v2.41\pic\sources\c99\common\fleq.c estimated size: 78

shared
		__initialization		CODE           	0086	0000	23

shared estimated size: 23

mcc_generated_files/eusart1.c
		_EUSART1_Initialize		CODE           	135C	0000	37
		_putch         		CODE           	10FE	0000	6
		_EUSART1_SetFramingErrorHandler		CODE           	1119	0000	9
		_EUSART1_SetOverrunErrorHandler		CODE           	1122	0000	9
		_EUSART1_SetErrorHandler		CODE           	1110	0000	9
		_EUSART1_Write 		CODE           	1146	0000	10

mcc_generated_files/eusart1.c estimated size: 80

mcc_generated_files/mcc.c
		_PMD_Initialize		CODE           	1150	0000	10
		_OSCILLATOR_Initialize		CODE           	112B	0000	9
		_SYSTEM_Initialize		CODE           	1215	0000	28
		_WWDT_Initialize		CODE           	1104	0000	6

mcc_generated_files/mcc.c estimated size: 53

C:\Program Files\Microchip\xc8\v2.41\pic\sources\c99\common\memcpy.c
		_memcpy        		CODE           	0803	0000	39

C:\Program Files\Microchip\xc8\v2.41\pic\sources\c99\common\memcpy.c estimated size: 39

C:\Program Files\Microchip\xc8\v2.41\pic\sources\c99\common\Umul16.c
		___wmul        		CODE           	1250	0000	31

C:\Program Files\Microchip\xc8\v2.41\pic\sources\c99\common\Umul16.c estimated size: 31

C:\Program Files\Microchip\xc8\v2.41\pic\sources\c99\common\nf_fputs.c
		_fputs         		CODE           	1337	0000	37

C:\Program Files\Microchip\xc8\v2.41\pic\sources\c99\common\nf_fputs.c estimated size: 37

mcc_generated_files/adcc.c
		_ADCC_GetSingleConversion		CODE           	1170	0000	18
		_ADCC_Initialize		CODE           	11F9	0000	28

mcc_generated_files/adcc.c estimated size: 46

C:\Program Files\Microchip\xc8\v2.41\pic\sources\c99\common\labs.c
		_labs          		CODE           	12CF	0000	34

C:\Program Files\Microchip\xc8\v2.41\pic\sources\c99\common\labs.c estimated size: 34

main.c
		_main          		CODE           	1165	0000	11
		_elegirNumero  		CODE           	1570	0000	107
		_EUSART1_Write_String		CODE           	1197	0000	24
		_modoBajoConsumo		CODE           	11AF	0000	24
		_elegirDisplay 		CODE           	1426	0000	68
		_readADC       		CODE           	082A	0000	196
		_updateDisplay 		CODE           	1314	0000	35

main.c estimated size: 465

C:\Program Files\Microchip\xc8\v2.41\pic\sources\c99\common\sprcmul.c
		___flmul       		CODE           	0DC5	0000	571

C:\Program Files\Microchip\xc8\v2.41\pic\sources\c99\common\sprcmul.c estimated size: 571

C:\Program Files\Microchip\xc8\v2.41\pic\sources\c99\common\sprcdiv.c
		___fldiv       		CODE           	0A13	0000	426

C:\Program Files\Microchip\xc8\v2.41\pic\sources\c99\common\sprcdiv.c estimated size: 426

C:\Program Files\Microchip\xc8\v2.41\pic\sources\c99\common\lwmod.c
		___lwmod       		CODE           	1381	0000	52

C:\Program Files\Microchip\xc8\v2.41\pic\sources\c99\common\lwmod.c estimated size: 52

